GPIO18/19 released for the common SC132GS FSYNC source
RTSP ready: rtsp://192.168.137.226:8554/stereo (2176x1280@60, Main10 linear R16/P010)
High-rate timestamp pairing; max_delta_ns=8833333; exposure synchronization unverified
Capture ready: fps=60
input_fps=48.8602 submitted_fps=48.8602 dropped_fps=0 encoded_fps=48.2619 rtsp_fps=0 pairs=245
input_fps=59.9857 submitted_fps=59.9857 dropped_fps=0 encoded_fps=59.9857 rtsp_fps=15.7962 pairs=545
input_fps=59.9998 submitted_fps=59.9998 dropped_fps=0 encoded_fps=59.9998 rtsp_fps=59.9998 pairs=845
input_fps=59.7542 submitted_fps=59.7542 dropped_fps=0 encoded_fps=59.7542 rtsp_fps=59.7542 pairs=1144
input_fps=60.2409 submitted_fps=60.2409 dropped_fps=0 encoded_fps=60.2409 rtsp_fps=60.2409 pairs=1446
input_fps=60.0001 submitted_fps=60.0001 dropped_fps=0 encoded_fps=60.0001 rtsp_fps=60.0001 pairs=1747
input_fps=59.9981 submitted_fps=59.9981 dropped_fps=0 encoded_fps=59.9981 rtsp_fps=59.9981 pairs=2047
input_fps=60.0094 submitted_fps=60.0094 dropped_fps=0 encoded_fps=60.0094 rtsp_fps=60.0094 pairs=2348
input_fps=59.4956 submitted_fps=59.4956 dropped_fps=0 encoded_fps=59.6952 rtsp_fps=59.6952 pairs=2646
input_fps=60.4949 submitted_fps=60.4949 dropped_fps=0 encoded_fps=60.2952 rtsp_fps=60.2952 pairs=2949
input_fps=60.0222 submitted_fps=60.0222 dropped_fps=0 encoded_fps=60.0222 rtsp_fps=60.0222 pairs=3250
input_fps=59.9784 submitted_fps=59.9784 dropped_fps=0 encoded_fps=59.9784 rtsp_fps=59.9784 pairs=3550
input_fps=60.0036 submitted_fps=60.0036 dropped_fps=0 encoded_fps=60.0036 rtsp_fps=60.0036 pairs=3851
input_fps=59.9992 submitted_fps=59.9992 dropped_fps=0 encoded_fps=59.9992 rtsp_fps=59.9992 pairs=4152
input_fps=60.001 submitted_fps=60.001 dropped_fps=0 encoded_fps=60.001 rtsp_fps=60.001 pairs=4453
input_fps=59.9857 submitted_fps=59.9857 dropped_fps=0 encoded_fps=59.9857 rtsp_fps=59.9857 pairs=4753
input_fps=59.9958 submitted_fps=59.9958 dropped_fps=0 encoded_fps=59.9958 rtsp_fps=59.9958 pairs=5053
input_fps=60.0027 submitted_fps=60.0027 dropped_fps=0 encoded_fps=60.0027 rtsp_fps=60.0027 pairs=5354
input_fps=60.0038 submitted_fps=60.0038 dropped_fps=0 encoded_fps=60.0038 rtsp_fps=60.0038 pairs=5655
input_fps=59.997 submitted_fps=59.997 dropped_fps=0 encoded_fps=59.997 rtsp_fps=59.997 pairs=5955
input_fps=59.8573 submitted_fps=59.8573 dropped_fps=0 encoded_fps=59.8573 rtsp_fps=59.8573 pairs=6255
input_fps=60.153 submitted_fps=60.153 dropped_fps=0 encoded_fps=60.153 rtsp_fps=60.153 pairs=6556
input_fps=59.9788 submitted_fps=59.9788 dropped_fps=0 encoded_fps=60.1781 rtsp_fps=60.1781 pairs=6857
input_fps=60.0214 submitted_fps=60.0214 dropped_fps=0 encoded_fps=59.822 rtsp_fps=59.822 pairs=7158
input_fps=59.9838 submitted_fps=59.9838 dropped_fps=0 encoded_fps=59.9838 rtsp_fps=59.9838 pairs=7458
input_fps=60.0171 submitted_fps=60.0171 dropped_fps=0 encoded_fps=60.0171 rtsp_fps=60.0171 pairs=7759
input_fps=59.9985 submitted_fps=59.9985 dropped_fps=0 encoded_fps=59.9985 rtsp_fps=59.9985 pairs=8059
input_fps=60.0041 submitted_fps=60.0041 dropped_fps=0 encoded_fps=60.0041 rtsp_fps=60.0041 pairs=8360
input_fps=59.9966 submitted_fps=59.9966 dropped_fps=0 encoded_fps=59.9966 rtsp_fps=59.9966 pairs=8660
input_fps=59.9986 submitted_fps=59.9986 dropped_fps=0 encoded_fps=59.9986 rtsp_fps=59.9986 pairs=8960
input_fps=60.001 submitted_fps=60.001 dropped_fps=0 encoded_fps=60.001 rtsp_fps=60.001 pairs=9261
input_fps=59.9992 submitted_fps=59.9992 dropped_fps=0 encoded_fps=59.9992 rtsp_fps=59.9992 pairs=9561
input_fps=59.9944 submitted_fps=59.9944 dropped_fps=0 encoded_fps=59.9944 rtsp_fps=59.9944 pairs=9861
capture frame gap cam0=10142->10144 cam1=10140->10141; continuing
input_fps=59.808 submitted_fps=59.808 dropped_fps=0 encoded_fps=59.808 rtsp_fps=59.808 pairs=10161
input_fps=59.9959 submitted_fps=59.9959 dropped_fps=0 encoded_fps=59.9959 rtsp_fps=59.9959 pairs=10461
input_fps=59.9947 submitted_fps=59.9947 dropped_fps=0 encoded_fps=59.9947 rtsp_fps=59.9947 pairs=10762
input_fps=60.003 submitted_fps=60.003 dropped_fps=0 encoded_fps=60.003 rtsp_fps=60.003 pairs=11063
input_fps=59.9994 submitted_fps=59.9994 dropped_fps=0 encoded_fps=59.9994 rtsp_fps=59.9994 pairs=11363
input_fps=60.0054 submitted_fps=60.0054 dropped_fps=0 encoded_fps=60.0054 rtsp_fps=60.0054 pairs=11664
input_fps=59.9965 submitted_fps=59.9965 dropped_fps=0 encoded_fps=59.9965 rtsp_fps=59.9965 pairs=11964
input_fps=59.9978 submitted_fps=59.9978 dropped_fps=0 encoded_fps=59.9978 rtsp_fps=59.9978 pairs=12265
input_fps=60.0006 submitted_fps=60.0006 dropped_fps=0 encoded_fps=60.0006 rtsp_fps=60.0006 pairs=12566
input_fps=60.0055 submitted_fps=60.0055 dropped_fps=0 encoded_fps=60.0055 rtsp_fps=60.0055 pairs=12867
input_fps=59.9993 submitted_fps=59.9993 dropped_fps=0 encoded_fps=59.9993 rtsp_fps=59.9993 pairs=13167
input_fps=59.9933 submitted_fps=59.9933 dropped_fps=0 encoded_fps=59.9933 rtsp_fps=59.9933 pairs=13467
input_fps=60.0046 submitted_fps=60.0046 dropped_fps=0 encoded_fps=60.0046 rtsp_fps=60.0046 pairs=13768
capture frame gap cam0=13948->13950 cam1=13945->13946; continuing
capture frame gap cam0=13956->13957 cam1=13952->13954; continuing
capture frame gap cam0=13960->13962 cam1=13957->13958; continuing
capture frame gap cam0=13963->13965 cam1=13959->13961; continuing
input_fps=59.0073 submitted_fps=59.0073 dropped_fps=0 encoded_fps=59.0073 rtsp_fps=59.0073 pairs=14064
input_fps=59.9999 submitted_fps=59.9999 dropped_fps=0 encoded_fps=59.9999 rtsp_fps=59.9999 pairs=14364
input_fps=59.9913 submitted_fps=59.9913 dropped_fps=0 encoded_fps=59.9913 rtsp_fps=59.9913 pairs=14664
input_fps=60.0053 submitted_fps=60.0053 dropped_fps=0 encoded_fps=60.0053 rtsp_fps=60.0053 pairs=14965
input_fps=59.9955 submitted_fps=59.9955 dropped_fps=0 encoded_fps=59.9955 rtsp_fps=59.9955 pairs=15265
input_fps=60.0013 submitted_fps=60.0013 dropped_fps=0 encoded_fps=60.0013 rtsp_fps=60.0013 pairs=15566
input_fps=59.9973 submitted_fps=59.9973 dropped_fps=0 encoded_fps=59.9973 rtsp_fps=59.9973 pairs=15866
input_fps=59.9987 submitted_fps=59.9987 dropped_fps=0 encoded_fps=59.9987 rtsp_fps=59.9987 pairs=16167
input_fps=60.004 submitted_fps=60.004 dropped_fps=0 encoded_fps=60.004 rtsp_fps=60.004 pairs=16468
capture frame gap cam0=16721->16723 cam1=16717->16718; continuing
capture frame gap cam0=16725->16727 cam1=16720->16722; continuing
capture frame gap cam0=16727->16729 cam1=16722->16724; continuing
capture frame gap cam0=16731->16733 cam1=16726->16728; continuing
capture frame gap cam0=16743->16745 cam1=16738->16740; continuing
input_fps=58.2044 submitted_fps=58.2044 dropped_fps=0 encoded_fps=58.2044 rtsp_fps=58.2044 pairs=16760
input_fps=59.9966 submitted_fps=59.9966 dropped_fps=0 encoded_fps=59.9966 rtsp_fps=59.9966 pairs=17061
input_fps=59.9964 submitted_fps=59.9964 dropped_fps=0 encoded_fps=59.9964 rtsp_fps=59.9964 pairs=17362
input_fps=60.0096 submitted_fps=60.0096 dropped_fps=0 encoded_fps=60.0096 rtsp_fps=60.0096 pairs=17663
input_fps=59.9902 submitted_fps=59.9902 dropped_fps=0 encoded_fps=59.9902 rtsp_fps=59.9902 pairs=17964
input_fps=60.0077 submitted_fps=60.0077 dropped_fps=0 encoded_fps=60.0077 rtsp_fps=60.0077 pairs=18265
input_fps=59.9978 submitted_fps=59.9978 dropped_fps=0 encoded_fps=59.9978 rtsp_fps=59.9978 pairs=18565
input_fps=60 submitted_fps=60 dropped_fps=0 encoded_fps=60 rtsp_fps=60 pairs=18866
input_fps=59.9939 submitted_fps=59.9939 dropped_fps=0 encoded_fps=59.9939 rtsp_fps=59.9939 pairs=19166
input_fps=60.004 submitted_fps=60.004 dropped_fps=0 encoded_fps=60.004 rtsp_fps=60.004 pairs=19467
input_fps=59.9982 submitted_fps=59.9982 dropped_fps=0 encoded_fps=59.9982 rtsp_fps=59.9982 pairs=19768
input_fps=60.0055 submitted_fps=60.0055 dropped_fps=0 encoded_fps=60.0055 rtsp_fps=60.0055 pairs=20069
input_fps=59.9956 submitted_fps=59.9956 dropped_fps=0 encoded_fps=59.9956 rtsp_fps=59.9956 pairs=20369
input_fps=59.9965 submitted_fps=59.9965 dropped_fps=0 encoded_fps=59.9965 rtsp_fps=59.9965 pairs=20669
input_fps=60.0019 submitted_fps=60.0019 dropped_fps=0 encoded_fps=60.0019 rtsp_fps=60.0019 pairs=20970
input_fps=59.998 submitted_fps=59.998 dropped_fps=0 encoded_fps=59.998 rtsp_fps=59.998 pairs=21270
capture frame gap cam0=21520->21522 cam1=21515->21516; continuing
capture frame gap cam0=21524->21526 cam1=21518->21520; continuing
capture frame gap cam0=21526->21528 cam1=21520->21522; continuing
capture frame gap cam0=21621->21623 cam1=21615->21617; continuing
capture frame gap cam0=21624->21626 cam1=21618->21620; continuing
input_fps=56.1971 submitted_fps=56.1971 dropped_fps=0 encoded_fps=56.5943 rtsp_fps=56.5943 pairs=21553
capture frame gap cam0=21627->21629 cam1=21621->21623; continuing
capture frame gap cam0=21631->21633 cam1=21625->21627; continuing
capture frame gap cam0=21634->21636 cam1=21628->21630; continuing
capture frame gap cam0=21638->21640 cam1=21632->21634; continuing
capture frame gap cam0=21642->21644 cam1=21636->21638; continuing
capture frame gap cam0=21646->21648 cam1=21640->21642; continuing
capture frame gap cam0=21650->21652 cam1=21644->21646; continuing
capture frame gap cam0=21654->21656 cam1=21648->21650; continuing
capture frame gap cam0=21656->21658 cam1=21650->21652; continuing
capture frame gap cam0=21660->21662 cam1=21654->21656; continuing
capture frame gap cam0=21664->21666 cam1=21658->21660; continuing
capture frame gap cam0=21668->21670 cam1=21662->21664; continuing
capture frame gap cam0=21672->21674 cam1=21666->21668; continuing
capture frame gap cam0=21676->21678 cam1=21670->21672; continuing
capture frame gap cam0=21680->21682 cam1=21674->21676; continuing
capture frame gap cam0=21684->21686 cam1=21678->21680; continuing
capture frame gap cam0=21688->21690 cam1=21682->21684; continuing
capture frame gap cam0=21692->21694 cam1=21686->21688; continuing
capture frame gap cam0=21696->21698 cam1=21690->21692; continuing
capture frame gap cam0=21699->21701 cam1=21693->21695; continuing
capture frame gap cam0=21702->21704 cam1=21696->21698; continuing
capture frame gap cam0=21706->21708 cam1=21700->21702; continuing
capture frame gap cam0=21710->21712 cam1=21704->21706; continuing
capture frame gap cam0=21713->21715 cam1=21707->21709; continuing
capture frame gap cam0=21716->21718 cam1=21710->21712; continuing
capture frame gap cam0=21720->21722 cam1=21714->21716; continuing
capture frame gap cam0=21724->21726 cam1=21718->21720; continuing
capture frame gap cam0=21728->21730 cam1=21722->21724; continuing
capture frame gap cam0=21731->21733 cam1=21725->21727; continuing
capture frame gap cam0=21734->21736 cam1=21728->21730; continuing
capture frame gap cam0=21738->21740 cam1=21732->21734; continuing
capture frame gap cam0=21742->21744 cam1=21736->21738; continuing
capture frame gap cam0=21746->21748 cam1=21740->21742; continuing
capture frame gap cam0=21750->21752 cam1=21744->21746; continuing
capture frame gap cam0=21754->21756 cam1=21748->21750; continuing
capture frame gap cam0=21757->21759 cam1=21751->21753; continuing
capture frame gap cam0=21760->21762 cam1=21754->21756; continuing
capture frame gap cam0=21763->21765 cam1=21757->21759; continuing
capture frame gap cam0=21768->21770 cam1=21762->21764; continuing
capture frame gap cam0=21771->21773 cam1=21765->21767; continuing
capture frame gap cam0=21774->21776 cam1=21768->21770; continuing
capture frame gap cam0=21778->21780 cam1=21772->21774; continuing
capture frame gap cam0=21782->21784 cam1=21776->21778; continuing
capture frame gap cam0=21786->21788 cam1=21780->21782; continuing
capture frame gap cam0=21790->21792 cam1=21784->21786; continuing
capture frame gap cam0=21798->21800 cam1=21792->21794; continuing
capture frame gap cam0=21802->21804 cam1=21796->21798; continuing
capture frame gap cam0=21804->21806 cam1=21798->21800; continuing
capture frame gap cam0=21806->21808 cam1=21800->21802; continuing
capture frame gap cam0=21810->21812 cam1=21804->21806; continuing
capture frame gap cam0=21816->21818 cam1=21810->21812; continuing
capture frame gap cam0=21822->21824 cam1=21816->21818; continuing
capture frame gap cam0=21826->21828 cam1=21820->21822; continuing
capture frame gap cam0=21830->21832 cam1=21824->21826; continuing
capture frame gap cam0=21834->21836 cam1=21828->21830; continuing
capture frame gap cam0=21838->21840 cam1=21832->21834; continuing
capture frame gap cam0=21842->21844 cam1=21836->21838; continuing
capture frame gap cam0=21848->21849 cam1=21842->21844; continuing
capture frame gap cam0=21850->21852 cam1=21845->21846; continuing
capture frame gap cam0=21860->21861 cam1=21854->21856; continuing
capture frame gap cam0=21862->21864 cam1=21857->21858; continuing
capture frame gap cam0=21868->21870 cam1=21862->21864; continuing
input_fps=36.6865 submitted_fps=36.6865 dropped_fps=0 encoded_fps=36.4871 rtsp_fps=36.4871 pairs=21737
capture frame gap cam0=21886->21888 cam1=21880->21882; continuing
input_fps=61.0029 submitted_fps=61.0029 dropped_fps=0 encoded_fps=60.8035 rtsp_fps=60.8035 pairs=22043
input_fps=59.9969 submitted_fps=59.9969 dropped_fps=0 encoded_fps=59.9969 rtsp_fps=59.9969 pairs=22343
