GPIO18/19 released for the common SC132GS FSYNC source
RTSP ready: rtsp://192.168.137.226:8554/stereo (2176x1280@60, Main10 linear R16/P010)
High-rate timestamp pairing; max_delta_ns=8833333; exposure synchronization unverified
Capture ready: fps=60
input_fps=48.504 submitted_fps=48.504 dropped_fps=0 encoded_fps=47.9052 rtsp_fps=47.9052 pairs=243
input_fps=59.9965 submitted_fps=59.9965 dropped_fps=0 encoded_fps=59.9965 rtsp_fps=59.9965 pairs=544
input_fps=59.9932 submitted_fps=59.9932 dropped_fps=0 encoded_fps=60.1925 rtsp_fps=60.1925 pairs=845
input_fps=60.0097 submitted_fps=60.0097 dropped_fps=0 encoded_fps=59.8103 rtsp_fps=59.8103 pairs=1146
input_fps=59.9995 submitted_fps=59.9995 dropped_fps=0 encoded_fps=59.9995 rtsp_fps=59.9995 pairs=1446
input_fps=59.9973 submitted_fps=59.9973 dropped_fps=0 encoded_fps=59.9973 rtsp_fps=59.9973 pairs=1746
input_fps=59.9999 submitted_fps=59.9999 dropped_fps=0 encoded_fps=59.9999 rtsp_fps=59.7999 pairs=2046
input_fps=59.9964 submitted_fps=59.9964 dropped_fps=0 encoded_fps=59.9964 rtsp_fps=60.1958 pairs=2347
input_fps=60.0083 submitted_fps=60.0083 dropped_fps=0 encoded_fps=60.0083 rtsp_fps=60.0083 pairs=2648
input_fps=59.9948 submitted_fps=59.9948 dropped_fps=0 encoded_fps=59.9948 rtsp_fps=59.9948 pairs=2948
input_fps=60.0047 submitted_fps=60.0047 dropped_fps=0 encoded_fps=60.0047 rtsp_fps=60.0047 pairs=3249
input_fps=59.9969 submitted_fps=59.9969 dropped_fps=0 encoded_fps=59.9969 rtsp_fps=59.9969 pairs=3549
input_fps=59.9932 submitted_fps=59.9932 dropped_fps=0 encoded_fps=59.9932 rtsp_fps=59.9932 pairs=3849
input_fps=60.0069 submitted_fps=60.0069 dropped_fps=0 encoded_fps=60.0069 rtsp_fps=60.0069 pairs=4150
input_fps=59.9988 submitted_fps=59.9988 dropped_fps=0 encoded_fps=59.9988 rtsp_fps=59.9988 pairs=4450
input_fps=59.9958 submitted_fps=59.9958 dropped_fps=0 encoded_fps=59.9958 rtsp_fps=59.9958 pairs=4750
input_fps=59.9992 submitted_fps=59.9992 dropped_fps=0 encoded_fps=59.9992 rtsp_fps=59.9992 pairs=5051
input_fps=60.0051 submitted_fps=60.0051 dropped_fps=0 encoded_fps=60.0051 rtsp_fps=60.0051 pairs=5352
input_fps=59.9954 submitted_fps=59.9954 dropped_fps=0 encoded_fps=59.9954 rtsp_fps=59.9954 pairs=5652
input_fps=60.0006 submitted_fps=60.0006 dropped_fps=0 encoded_fps=60.0006 rtsp_fps=60.0006 pairs=5953
input_fps=59.9979 submitted_fps=59.9979 dropped_fps=0 encoded_fps=59.9979 rtsp_fps=59.9979 pairs=6254
input_fps=60.0031 submitted_fps=60.0031 dropped_fps=0 encoded_fps=60.0031 rtsp_fps=60.0031 pairs=6555
input_fps=59.9977 submitted_fps=59.9977 dropped_fps=0 encoded_fps=59.9977 rtsp_fps=59.9977 pairs=6856
input_fps=59.9971 submitted_fps=59.9971 dropped_fps=0 encoded_fps=59.9971 rtsp_fps=59.9971 pairs=7157
input_fps=60.0001 submitted_fps=60.0001 dropped_fps=0 encoded_fps=60.0001 rtsp_fps=60.0001 pairs=7458
input_fps=60.0093 submitted_fps=60.0093 dropped_fps=0 encoded_fps=60.0093 rtsp_fps=60.0093 pairs=7759
input_fps=59.9962 submitted_fps=59.9962 dropped_fps=0 encoded_fps=59.7962 rtsp_fps=59.7962 pairs=8059
input_fps=59.9968 submitted_fps=59.9968 dropped_fps=0 encoded_fps=60.1968 rtsp_fps=60.1968 pairs=8359
input_fps=59.9906 submitted_fps=59.9906 dropped_fps=0 encoded_fps=59.9906 rtsp_fps=59.9906 pairs=8659
input_fps=60.0104 submitted_fps=60.0104 dropped_fps=0 encoded_fps=60.0104 rtsp_fps=60.0104 pairs=8960
input_fps=59.9933 submitted_fps=59.9933 dropped_fps=0 encoded_fps=59.9933 rtsp_fps=59.9933 pairs=9260
input_fps=59.9991 submitted_fps=59.9991 dropped_fps=0 encoded_fps=59.9991 rtsp_fps=59.9991 pairs=9560
input_fps=59.9944 submitted_fps=59.9944 dropped_fps=0 encoded_fps=59.9944 rtsp_fps=59.9944 pairs=9860
input_fps=60.0106 submitted_fps=60.0106 dropped_fps=0 encoded_fps=60.0106 rtsp_fps=60.0106 pairs=10161
input_fps=59.9979 submitted_fps=59.9979 dropped_fps=0 encoded_fps=59.9979 rtsp_fps=59.9979 pairs=10461
input_fps=59.998 submitted_fps=59.998 dropped_fps=0 encoded_fps=59.998 rtsp_fps=59.998 pairs=10761
input_fps=60.0075 submitted_fps=60.0075 dropped_fps=0 encoded_fps=60.0075 rtsp_fps=60.0075 pairs=11062
input_fps=59.9977 submitted_fps=59.9977 dropped_fps=0 encoded_fps=59.9977 rtsp_fps=59.9977 pairs=11362
input_fps=59.9932 submitted_fps=59.9932 dropped_fps=0 encoded_fps=59.9932 rtsp_fps=59.9932 pairs=11662
input_fps=60.0038 submitted_fps=60.0038 dropped_fps=0 encoded_fps=60.0038 rtsp_fps=60.0038 pairs=11963
input_fps=60.0018 submitted_fps=60.0018 dropped_fps=0 encoded_fps=60.0018 rtsp_fps=60.0018 pairs=12264
input_fps=59.9869 submitted_fps=59.9869 dropped_fps=0 encoded_fps=59.9869 rtsp_fps=59.9869 pairs=12564
input_fps=60.0075 submitted_fps=60.0075 dropped_fps=0 encoded_fps=60.0075 rtsp_fps=60.0075 pairs=12865
input_fps=60.0058 submitted_fps=60.0058 dropped_fps=0 encoded_fps=60.0058 rtsp_fps=60.0058 pairs=13166
input_fps=59.9965 submitted_fps=59.9965 dropped_fps=0 encoded_fps=59.9965 rtsp_fps=59.9965 pairs=13466
input_fps=59.9978 submitted_fps=59.9978 dropped_fps=0 encoded_fps=59.9978 rtsp_fps=59.9978 pairs=13766
input_fps=60.0228 submitted_fps=60.0228 dropped_fps=0 encoded_fps=60.0228 rtsp_fps=60.0228 pairs=14067
input_fps=59.9764 submitted_fps=59.9764 dropped_fps=0 encoded_fps=59.9764 rtsp_fps=59.9764 pairs=14367
input_fps=59.996 submitted_fps=59.996 dropped_fps=0 encoded_fps=59.996 rtsp_fps=59.996 pairs=14667
input_fps=60.0043 submitted_fps=60.0043 dropped_fps=0 encoded_fps=60.0043 rtsp_fps=60.0043 pairs=14968
input_fps=60.003 submitted_fps=60.003 dropped_fps=0 encoded_fps=60.003 rtsp_fps=60.003 pairs=15269
input_fps=59.9952 submitted_fps=59.9952 dropped_fps=0 encoded_fps=59.9952 rtsp_fps=59.9952 pairs=15569
input_fps=59.9989 submitted_fps=59.9989 dropped_fps=0 encoded_fps=59.9989 rtsp_fps=59.9989 pairs=15869
input_fps=60.0191 submitted_fps=60.0191 dropped_fps=0 encoded_fps=59.8197 rtsp_fps=59.8197 pairs=16170
input_fps=59.9848 submitted_fps=59.9848 dropped_fps=0 encoded_fps=60.1847 rtsp_fps=60.1847 pairs=16470
input_fps=59.9981 submitted_fps=59.9981 dropped_fps=0 encoded_fps=59.9981 rtsp_fps=59.9981 pairs=16770
input_fps=59.9986 submitted_fps=59.9986 dropped_fps=0 encoded_fps=59.9986 rtsp_fps=59.9986 pairs=17070
input_fps=59.9957 submitted_fps=59.9957 dropped_fps=0 encoded_fps=59.9957 rtsp_fps=59.9957 pairs=17371
input_fps=60.0029 submitted_fps=60.0029 dropped_fps=0 encoded_fps=60.0029 rtsp_fps=60.0029 pairs=17672
input_fps=60.0034 submitted_fps=60.0034 dropped_fps=0 encoded_fps=60.0034 rtsp_fps=60.0034 pairs=17973
input_fps=59.9998 submitted_fps=59.9998 dropped_fps=0 encoded_fps=59.9998 rtsp_fps=59.9998 pairs=18273
